Last login: Thu Mar  6 15:41:41 on ttys000
kuzminkirill@MacBook-Pro-Kuzmin ~ % ssh kuzminkirill@raspberrypi.local
The authenticity of host 'raspberrypi.local (fe80::ebe8:913:713d:365%en0)' can't be established.
ED25519 key fingerprint is SHA256:WOE9OAQr5emzigxfUGrMd3W+OfkwTUposYDrFuiTLac.
This key is not known by any other names.
Are you sure you want to continue connecting (yes/no/[fingerprint])? yes
Warning: Permanently added 'raspberrypi.local' (ED25519) to the list of known hosts.
kuzminkirill@raspberrypi.local's password: 
Linux raspberrypi 6.6.51+rpt-rpi-v8 #1 SMP PREEMPT Debian 1:6.6.51-1+rpt3 (2024-10-08) aarch64

The programs included with the Debian GNU/Linux system are free software;
the exact distribution terms for each program are described in the
individual files in /usr/share/doc/*/copyright.

Debian GNU/Linux comes with ABSOLUTELY NO WARRANTY, to the extent
permitted by applicable law.
Last login: Tue Nov 19 16:44:35 2024
kuzminkirill@raspberrypi:~ $ ды
-bash: ды: command not found
kuzminkirill@raspberrypi:~ $ ls
Bookshelf  Desktop  Documents  Downloads  Music  Pictures  Public  Templates  Videos
kuzminkirill@raspberrypi:~ $ sudo raspi-config
Created symlink /etc/systemd/system/multi-user.target.wants/wayvnc.service → /lib/systemd/system/wayvnc.service.
sudo kuzminkirill@raspberrypi:~ $ sudo reboot

Broadcast message from root@raspberrypi on pts/1 (Thu 2025-03-06 18:48:52 MSK):

The system will reboot now!

kuzminkirill@raspberrypi:~ $ Connection to raspberrypi.local closed by remote host.
Connection to raspberrypi.local closed.
kuzminkirill@MacBook-Pro-Kuzmin ~ % ssh kuzminkirill@raspberrypi.local
kuzminkirill@raspberrypi.local's password: 
Linux raspberrypi 6.6.51+rpt-rpi-v8 #1 SMP PREEMPT Debian 1:6.6.51-1+rpt3 (2024-10-08) aarch64

The programs included with the Debian GNU/Linux system are free software;
the exact distribution terms for each program are described in the
individual files in /usr/share/doc/*/copyright.

Debian GNU/Linux comes with ABSOLUTELY NO WARRANTY, to the extent
permitted by applicable law.
Last login: Thu Mar  6 18:49:03 2025
kuzminkirill@raspberrypi:~ $ ls
Bookshelf  Desktop  Documents  Downloads  Music  Pictures  Public  Templates  Videos
kuzminkirill@raspberrypi:~ $ cd Desktop/
kuzminkirill@raspberrypi:~/Desktop $ ls
kuzminkirill@raspberrypi:~/Desktop $ cd
kuzminkirill@raspberrypi:~ $ cd Bookshelf/
kuzminkirill@raspberrypi:~/Bookshelf $ ls
BeginnersGuide-5thEd-Eng_v3.pdf
kuzminkirill@raspberrypi:~/Bookshelf $ vim BeginnersGuide-5thEd-Eng_v3.pdf 
-bash: vim: command not found
kuzminkirill@raspberrypi:~/Bookshelf $ vim
-bash: vim: command not found
kuzminkirill@raspberrypi:~/Bookshelf $ vim main.c
-bash: vim: command not found
kuzminkirill@raspberrypi:~/Bookshelf $ cd
kuzminkirill@raspberrypi:~ $ ls
Bookshelf  Desktop  Documents  Downloads  Music  Pictures  Public  Templates  Videos
kuzminkirill@raspberrypi:~ $ vim
-bash: vim: command not found
kuzminkirill@raspberrypi:~ $ sudo apt update
Hit:1 http://deb.debian.org/debian bookworm InRelease
Hit:2 http://deb.debian.org/debian-security bookworm-security InRelease
Hit:3 http://deb.debian.org/debian bookworm-updates InRelease   
Hit:4 http://archive.raspberrypi.com/debian bookworm InRelease  
Reading package lists... Done
Building dependency tree... Done
Reading state information... Done
153 packages can be upgraded. Run 'apt list --upgradable' to see them.
kuzminkirill@raspberrypi:~ $ sudo apt install vim
Reading package lists... Done
Building dependency tree... Done
Reading state information... Done
The following additional packages will be installed:
  vim-runtime
Suggested packages:
  ctags vim-doc vim-scripts
The following NEW packages will be installed:
  vim vim-runtime
0 upgraded, 2 newly installed, 0 to remove and 153 not upgraded.
Need to get 8449 kB of archives.
After this operation, 41.2 MB of additional disk space will be used.
Do you want to continue? [Y/n] y
Get:1 http://deb.debian.org/debian bookworm/main arm64 vim-runtime all 2:9.0.1378-2 [7025 kB]
Get:2 http://deb.debian.org/debian bookworm/main arm64 vim arm64 2:9.0.1378-2 [1424 kB]
Fetched 8449 kB in 3s (2486 kB/s)
perl: warning: Setting locale failed.
perl: warning: Please check that your locale settings:
	LANGUAGE = (unset),
	LC_ALL = (unset),
	LC_CTYPE = "UTF-8",
	LANG = "en_GB.UTF-8"
    are supported and installed on your system.
perl: warning: Falling back to a fallback locale ("en_GB.UTF-8").
locale: Cannot set LC_CTYPE to default locale: No such file or directory
locale: Cannot set LC_ALL to default locale: No such file or directory
Selecting previously unselected package vim-runtime.
(Reading database ... 128596 files and directories currently installed.)
Preparing to unpack .../vim-runtime_2%3a9.0.1378-2_all.deb ...
Adding 'diversion of /usr/share/vim/vim90/doc/help.txt to /usr/share/vim/vim90/doc/help.txt.vim-tiny by vim-runtime'
Adding 'diversion of /usr/share/vim/vim90/doc/tags to /usr/share/vim/vim90/doc/tags.vim-tiny by vim-runtime'
Unpacking vim-runtime (2:9.0.1378-2) ...
Selecting previously unselected package vim.
Preparing to unpack .../vim_2%3a9.0.1378-2_arm64.deb ...
Unpacking vim (2:9.0.1378-2) ...
Setting up vim-runtime (2:9.0.1378-2) ...
Setting up vim (2:9.0.1378-2) ...
update-alternatives: using /usr/bin/vim.basic to provide /usr/bin/ex (ex) in auto mode
update-alternatives: using /usr/bin/vim.basic to provide /usr/bin/rview (rview) in auto mode
update-alternatives: using /usr/bin/vim.basic to provide /usr/bin/rvim (rvim) in auto mode
update-alternatives: using /usr/bin/vim.basic to provide /usr/bin/vi (vi) in auto mode
update-alternatives: using /usr/bin/vim.basic to provide /usr/bin/view (view) in auto mode
update-alternatives: using /usr/bin/vim.basic to provide /usr/bin/vim (vim) in auto mode
update-alternatives: using /usr/bin/vim.basic to provide /usr/bin/vimdiff (vimdiff) in auto mode
Processing triggers for man-db (2.11.2-2) ...
kuzminkirill@raspberrypi:~ $ vim main.c
kuzminkirill@raspberrypi:~ $ gcc main.c
kuzminkirill@raspberrypi:~ $ ls
Bookshelf  Desktop  Documents  Downloads  Music  Pictures  Public  Templates  Videos  a.out  main.c
kuzminkirill@raspberrypi:~ $ ./
a.out      .cache/    Desktop/   Downloads/ Music/     Public/    Videos/    
Bookshelf/ .config/   Documents/ .local/    Pictures/  Templates/ 
kuzminkirill@raspberrypi:~ $ ./
a.out      .cache/    Desktop/   Downloads/ Music/     Public/    Videos/    
Bookshelf/ .config/   Documents/ .local/    Pictures/  Templates/ 
kuzminkirill@raspberrypi:~ $ ./ a.out
-bash: ./: Is a directory
kuzminkirill@raspberrypi:~ $ ./a.out 
NIGGER
kuzminkirill@raspberrypi:~ $ ls
Bookshelf  Desktop  Documents  Downloads  Music  Pictures  Public  Templates  Videos  a.out  main.c
kuzminkirill@raspberrypi:~ $ sudo apt install neovim
Reading package lists... Done
Building dependency tree... Done
Reading state information... Done
The following additional packages will be installed:
  liblua5.1-0 libmsgpackc2 libtermkey1 libtree-sitter0 libunibilium4 libuv1 libvterm0 lua-bitop lua-luv neovim-runtime
  python3-greenlet python3-msgpack python3-pynvim xxd
Suggested packages:
  ctags vim-scripts python-greenlet-dev python-greenlet-doc
The following NEW packages will be installed:
  liblua5.1-0 libmsgpackc2 libtermkey1 libtree-sitter0 libunibilium4 libuv1 libvterm0 lua-bitop lua-luv neovim
  neovim-runtime python3-greenlet python3-msgpack python3-pynvim xxd
0 upgraded, 15 newly installed, 0 to remove and 153 not upgraded.
Need to get 6353 kB of archives.
After this operation, 29.1 MB of additional disk space will be used.
Do you want to continue? [Y/n] y
Get:1 http://deb.debian.org/debian bookworm/main arm64 liblua5.1-0 arm64 5.1.5-9 [104 kB]
Get:2 http://deb.debian.org/debian bookworm/main arm64 libmsgpackc2 arm64 4.0.0-3 [20.4 kB]
Get:3 http://deb.debian.org/debian bookworm/main arm64 libunibilium4 arm64 2.1.0-1 [22.3 kB]
Get:4 http://deb.debian.org/debian bookworm/main arm64 libtermkey1 arm64 0.22-1 [17.9 kB]
Get:5 http://deb.debian.org/debian bookworm/main arm64 libtree-sitter0 arm64 0.20.7-1 [75.0 kB]
Get:6 http://deb.debian.org/debian bookworm/main arm64 libuv1 arm64 1.44.2-1+deb12u1 [130 kB]
Get:7 http://deb.debian.org/debian bookworm/main arm64 libvterm0 arm64 0.1.4-1 [28.4 kB]
Get:8 http://deb.debian.org/debian bookworm/main arm64 lua-bitop arm64 1.0.2-7 [7960 B]
Get:9 http://deb.debian.org/debian bookworm/main arm64 lua-luv arm64 1.44.2-0-1 [108 kB]
Get:10 http://deb.debian.org/debian bookworm/main arm64 neovim-runtime all 0.7.2-7 [3916 kB]
Get:11 http://deb.debian.org/debian bookworm/main arm64 neovim arm64 0.7.2-7 [1605 kB]
Get:12 http://deb.debian.org/debian bookworm/main arm64 python3-greenlet arm64 2.0.2-1 [140 kB]
Get:13 http://deb.debian.org/debian bookworm/main arm64 python3-msgpack arm64 1.0.3-2+b1 [62.6 kB]
Get:14 http://deb.debian.org/debian bookworm/main arm64 python3-pynvim all 0.4.2-2 [32.5 kB]
Get:15 http://deb.debian.org/debian bookworm/main arm64 xxd arm64 2:9.0.1378-2 [83.4 kB]
Fetched 6353 kB in 5s (1391 kB/s)
perl: warning: Setting locale failed.
perl: warning: Please check that your locale settings:
	LANGUAGE = (unset),
	LC_ALL = (unset),
	LC_CTYPE = "UTF-8",
	LANG = "en_GB.UTF-8"
    are supported and installed on your system.
perl: warning: Falling back to a fallback locale ("en_GB.UTF-8").
locale: Cannot set LC_CTYPE to default locale: No such file or directory
locale: Cannot set LC_ALL to default locale: No such file or directory
Selecting previously unselected package liblua5.1-0:arm64.
(Reading database ... 130663 files and directories currently installed.)
Preparing to unpack .../00-liblua5.1-0_5.1.5-9_arm64.deb ...
Unpacking liblua5.1-0:arm64 (5.1.5-9) ...
Selecting previously unselected package libmsgpackc2:arm64.
Preparing to unpack .../01-libmsgpackc2_4.0.0-3_arm64.deb ...
Unpacking libmsgpackc2:arm64 (4.0.0-3) ...
Selecting previously unselected package libunibilium4:arm64.
Preparing to unpack .../02-libunibilium4_2.1.0-1_arm64.deb ...
Unpacking libunibilium4:arm64 (2.1.0-1) ...
Selecting previously unselected package libtermkey1:arm64.
Preparing to unpack .../03-libtermkey1_0.22-1_arm64.deb ...
Unpacking libtermkey1:arm64 (0.22-1) ...
Selecting previously unselected package libtree-sitter0:arm64.
Preparing to unpack .../04-libtree-sitter0_0.20.7-1_arm64.deb ...
Unpacking libtree-sitter0:arm64 (0.20.7-1) ...
Selecting previously unselected package libuv1:arm64.
Preparing to unpack .../05-libuv1_1.44.2-1+deb12u1_arm64.deb ...
Unpacking libuv1:arm64 (1.44.2-1+deb12u1) ...
Selecting previously unselected package libvterm0:arm64.
Preparing to unpack .../06-libvterm0_0.1.4-1_arm64.deb ...
Unpacking libvterm0:arm64 (0.1.4-1) ...
Selecting previously unselected package lua-bitop:arm64.
Preparing to unpack .../07-lua-bitop_1.0.2-7_arm64.deb ...
Unpacking lua-bitop:arm64 (1.0.2-7) ...
Selecting previously unselected package lua-luv:arm64.
Preparing to unpack .../08-lua-luv_1.44.2-0-1_arm64.deb ...
Unpacking lua-luv:arm64 (1.44.2-0-1) ...
Selecting previously unselected package neovim-runtime.
Preparing to unpack .../09-neovim-runtime_0.7.2-7_all.deb ...
Unpacking neovim-runtime (0.7.2-7) ...
Selecting previously unselected package neovim.
Preparing to unpack .../10-neovim_0.7.2-7_arm64.deb ...
Unpacking neovim (0.7.2-7) ...
Selecting previously unselected package python3-greenlet.
Preparing to unpack .../11-python3-greenlet_2.0.2-1_arm64.deb ...
Unpacking python3-greenlet (2.0.2-1) ...
Selecting previously unselected package python3-msgpack.
Preparing to unpack .../12-python3-msgpack_1.0.3-2+b1_arm64.deb ...
Unpacking python3-msgpack (1.0.3-2+b1) ...
Selecting previously unselected package python3-pynvim.
Preparing to unpack .../13-python3-pynvim_0.4.2-2_all.deb ...
Unpacking python3-pynvim (0.4.2-2) ...
Selecting previously unselected package xxd.
Preparing to unpack .../14-xxd_2%3a9.0.1378-2_arm64.deb ...
Unpacking xxd (2:9.0.1378-2) ...
Setting up libunibilium4:arm64 (2.1.0-1) ...
Setting up neovim-runtime (0.7.2-7) ...
Setting up libmsgpackc2:arm64 (4.0.0-3) ...
Setting up xxd (2:9.0.1378-2) ...
Setting up libvterm0:arm64 (0.1.4-1) ...
Setting up libuv1:arm64 (1.44.2-1+deb12u1) ...
Setting up libtree-sitter0:arm64 (0.20.7-1) ...
Setting up python3-greenlet (2.0.2-1) ...
Setting up libtermkey1:arm64 (0.22-1) ...
Setting up lua-bitop:arm64 (1.0.2-7) ...
Setting up liblua5.1-0:arm64 (5.1.5-9) ...
Setting up python3-msgpack (1.0.3-2+b1) ...
Setting up lua-luv:arm64 (1.44.2-0-1) ...
Setting up python3-pynvim (0.4.2-2) ...
Setting up neovim (0.7.2-7) ...
Processing triggers for hicolor-icon-theme (0.17-2) ...
Processing triggers for gnome-menus (3.36.0-1.1) ...
Processing triggers for libc-bin (2.36-9+rpt2+deb12u9) ...
Processing triggers for man-db (2.11.2-2) ...
Processing triggers for mailcap (3.70+nmu1) ...
Processing triggers for desktop-file-utils (0.26-1) ...
kuzminkirill@raspberrypi:~ $ nvim
kuzminkirill@raspberrypi:~ $ sudo apt install python3-pip
pip3 install pynvim
Reading package lists... Done
Building dependency tree... Done
Reading state information... Done
python3-pip is already the newest version (23.0.1+dfsg-1+rpt1).
0 upgraded, 0 newly installed, 0 to remove and 153 not upgraded.
error: externally-managed-environment

× This environment is externally managed
╰─> To install Python packages system-wide, try apt install
    python3-xyz, where xyz is the package you are trying to
    install.
    
    If you wish to install a non-Debian-packaged Python package,
    create a virtual environment using python3 -m venv path/to/venv.
    Then use path/to/venv/bin/python and path/to/venv/bin/pip. Make
    sure you have python3-full installed.
    
    For more information visit http://rptl.io/venv

note: If you believe this is a mistake, please contact your Python installation or OS distribution provider. You can override this, at the risk of breaking your Python installation or OS, by passing --break-system-packages.
hint: See PEP 668 for the detailed specification.
kuzminkirill@raspberrypi:~ $ pip3 install pynvim
error: externally-managed-environment

× This environment is externally managed
╰─> To install Python packages system-wide, try apt install
    python3-xyz, where xyz is the package you are trying to
    install.
    
    If you wish to install a non-Debian-packaged Python package,
    create a virtual environment using python3 -m venv path/to/venv.
    Then use path/to/venv/bin/python and path/to/venv/bin/pip. Make
    sure you have python3-full installed.
    
    For more information visit http://rptl.io/venv

note: If you believe this is a mistake, please contact your Python installation or OS distribution provider. You can override this, at the risk of breaking your Python installation or OS, by passing --break-system-packages.
hint: See PEP 668 for the detailed specification.
kuzminkirill@raspberrypi:~ $ sudo apt install python3-venv
Reading package lists... Done
Building dependency tree... Done
Reading state information... Done
python3-venv is already the newest version (3.11.2-1+b1).
0 upgraded, 0 newly installed, 0 to remove and 153 not upgraded.
kuzminkirill@raspberrypi:~ $ ls
Bookshelf  Desktop  Documents  Downloads  Music  Pictures  Public  Templates  Videos  a.out  main.c
kuzminkirill@raspberrypi:~ $ mkdir Auto
kuzminkirill@raspberrypi:~ $ ls
Auto  Bookshelf  Desktop  Documents  Downloads  Music  Pictures  Public  Templates  Videos  a.out  main.c
kuzminkirill@raspberrypi:~ $ python3 -m venv ~/Auto
kuzminkirill@raspberrypi:~ $ source ~/Auto/bin/activate
(Auto) kuzminkirill@raspberrypi:~ $ pip install pynvim
Looking in indexes: https://pypi.org/simple, https://www.piwheels.org/simple
Collecting pynvim
  Downloading https://www.piwheels.org/simple/pynvim/pynvim-0.5.2-py3-none-any.whl (46 kB)
     ━━━━━━━━━━━━━━━━━━━━━━━━━━━━━━━━━━━━━━━━ 46.2/46.2 kB 607.5 kB/s eta 0:00:00
Collecting msgpack>=0.5.0
  Downloading msgpack-1.1.0-cp311-cp311-manylinux_2_17_aarch64.manylinux2014_aarch64.whl (396 kB)
     ━━━━━━━━━━━━━━━━━━━━━━━━━━━━━━━━━━━━━━━━ 396.1/396.1 kB 1.2 MB/s eta 0:00:00
Collecting greenlet>=3.0
  Downloading greenlet-3.1.1-cp311-cp311-manylinux_2_17_aarch64.manylinux2014_aarch64.whl (640 kB)
     ━━━━━━━━━━━━━━━━━━━━━━━━━━━━━━━━━━━━━━━━ 640.4/640.4 kB 1.6 MB/s eta 0:00:00
Collecting typing-extensions>=4.5
  Downloading https://www.piwheels.org/simple/typing-extensions/typing_extensions-4.12.2-py3-none-any.whl (37 kB)
Installing collected packages: typing-extensions, msgpack, greenlet, pynvim
Successfully installed greenlet-3.1.1 msgpack-1.1.0 pynvim-0.5.2 typing-extensions-4.12.2
(Auto) kuzminkirill@raspberrypi:~ $ deactivate
kuzminkirill@raspberrypi:~ $ mkdir -p ~/.config/nvim
kuzminkirill@raspberrypi:~ $ nvim ~/.config/nvim/init.vim
kuzminkirill@raspberrypi:~ $ sh -c 'curl -fLo "${XDG_DATA_HOME:-$HOME/.local/share}"/nvim/site/autoload/plug.vim --create-dirs \
  https://raw.githubusercontent.com/junegunn/vim-plug/master/plug.vim'
  % Total    % Received % Xferd  Average Speed   Time    Time     Time  Current
                                 Dload  Upload   Total   Spent    Left  Speed
100 84223  100 84223    0     0   230k      0 --:--:-- --:--:-- --:--:--  231k
kuzminkirill@raspberrypi:~ $ nvim ~/.config/nvim/init.vim
kuzminkirill@raspberrypi:~ $ 
